Processing esp32s3_board (platform: espressif32@6.10.0; board: esp32-s3-devkitc-1-n16r8v; framework: espidf)
--------------------------------------------------------------------------------
Verbose mode can be enabled via `-v, --verbose` option
CONFIGURATION: https://docs.platformio.org/page/boards/espressif32/esp32-s3-devkitc-1-n16r8v.html
PLATFORM: Espressif 32 (6.10.0) > Espressif ESP32-S3-DevKitC-1-N16R8V (16 MB QD, 8MB PSRAM)
HARDWARE: ESP32S3 240MHz, 320KB RAM, 16MB Flash
DEBUG: Current (esp-builtin) On-board (esp-builtin) External (cmsis-dap, esp-bridge, esp-prog, iot-bus-jtag, jlink, minimodule, olimex-arm-usb-ocd, olimex-arm-usb-ocd-h, olimex-arm-usb-tiny-h, olimex-jtag-tiny, tumpa)
PACKAGES: 
 - framework-espidf @ 3.50400.0 (5.4.0) 
 - tool-cmake @ 3.16.4 
 - tool-esptoolpy @ 1.40501.0 (4.5.1) 
 - tool-idf @ 1.0.1 
 - tool-mconf @ 1.4060000.20190628 (406.0.0) 
 - tool-ninja @ 1.9.0 
 - tool-riscv32-esp-elf-gdb @ 11.2.0+20220823 
 - tool-xtensa-esp-elf-gdb @ 11.2.0+20230208 
 - toolchain-esp32ulp @ 1.23800.240113 (2.38.0) 
 - toolchain-riscv32-esp @ 14.2.0+20241119 
 - toolchain-xtensa-esp-elf @ 14.2.0+20241119
Reading CMake configuration...
LDF: Library Dependency Finder -> https://bit.ly/configure-pio-ldf
LDF Modes: Finder ~ chain, Compatibility ~ soft
Found 0 compatible libraries
Scanning dependencies...
No dependencies
Building in release mode
Archiving .pio\build\esp32s3_board\esp-idf\esp_app_format\libesp_app_format.a
Archiving .pio\build\esp32s3_board\esp-idf\esp_bootloader_format\libesp_bootloader_format.a
Archiving .pio\build\esp32s3_board\esp-idf\esp_hw_support\libesp_hw_support.a
Compiling .pio\build\esp32s3_board\esp_lcd\i2c\esp_lcd_panel_io_i2c_v1.c.o
Compiling .pio\build\esp32s3_board\esp_lcd\i2c\esp_lcd_panel_io_i2c_v2.c.o
Compiling .pio\build\esp32s3_board\esp_lcd\spi\esp_lcd_panel_io_spi.c.o
Compiling .pio\build\esp32s3_board\esp_lcd\i80\esp_lcd_panel_io_i80.c.o
Compiling .pio\build\esp32s3_board\esp_lcd\rgb\esp_lcd_panel_rgb.c.o
Compiling .pio\build\esp32s3_board\esp_local_ctrl\src\esp_local_ctrl.c.o
Compiling .pio\build\esp32s3_board\esp_local_ctrl\src\esp_local_ctrl_handler.c.o
Compiling .pio\build\esp32s3_board\esp_local_ctrl\proto-c\esp_local_ctrl.pb-c.c.o
Compiling .pio\build\esp32s3_board\esp_local_ctrl\src\esp_local_ctrl_transport_httpd.c.o
Compiling .pio\build\esp32s3_board\esp_mm\esp_mmu_map.c.o
Archiving .pio\build\esp32s3_board\esp-idf\esp_lcd\libesp_lcd.a
Compiling .pio\build\esp32s3_board\esp_mm\port\esp32s3\ext_mem_layout.c.o
Compiling .pio\build\esp32s3_board\esp_mm\esp_cache.c.o
Compiling .pio\build\esp32s3_board\esp_mm\heap_align_hw.c.o
Compiling .pio\build\esp32s3_board\esp_netif\esp_netif_handlers.c.o
Archiving .pio\build\esp32s3_board\esp-idf\esp_local_ctrl\libesp_local_ctrl.a
Compiling .pio\build\esp32s3_board\esp_netif\esp_netif_objects.c.o
Archiving .pio\build\esp32s3_board\esp-idf\esp_mm\libesp_mm.a
Compiling .pio\build\esp32s3_board\esp_netif\esp_netif_defaults.c.o
Compiling .pio\build\esp32s3_board\esp_netif\lwip\esp_netif_lwip.c.o
Compiling .pio\build\esp32s3_board\esp_netif\lwip\esp_netif_sntp.c.o
Compiling .pio\build\esp32s3_board\esp_netif\lwip\esp_netif_lwip_defaults.c.o
Compiling .pio\build\esp32s3_board\esp_netif\lwip\netif\wlanif.c.o
Compiling .pio\build\esp32s3_board\esp_netif\lwip\netif\ethernetif.c.o
Compiling .pio\build\esp32s3_board\esp_netif\lwip\netif\esp_pbuf_ref.c.o
Compiling .pio\build\esp32s3_board\esp_partition\partition.c.o
Compiling .pio\build\esp32s3_board\esp_partition\partition_target.c.o
Compiling .pio\build\esp32s3_board\esp_phy\src\phy_override.c.o
Archiving .pio\build\esp32s3_board\esp-idf\esp_netif\libesp_netif.a
Compiling .pio\build\esp32s3_board\esp_phy\src\lib_printf.c.o
Archiving .pio\build\esp32s3_board\esp-idf\esp_partition\libesp_partition.a
Compiling .pio\build\esp32s3_board\esp_phy\src\phy_common.c.o
Compiling .pio\build\esp32s3_board\esp_phy\src\phy_init.c.o
Compiling .pio\build\esp32s3_board\esp_phy\esp32s3\phy_init_data.c.o
Compiling .pio\build\esp32s3_board\esp_phy\src\btbb_init.c.o
Compiling .pio\build\esp32s3_board\esp_pm\pm_locks.c.o
Compiling .pio\build\esp32s3_board\esp_pm\pm_trace.c.o
Compiling .pio\build\esp32s3_board\esp_pm\pm_impl.c.o
Archiving .pio\build\esp32s3_board\esp-idf\esp_phy\libesp_phy.a
Compiling .pio\build\esp32s3_board\esp_psram\esp_psram.c.o
Compiling .pio\build\esp32s3_board\esp_psram\mmu_psram_flash.c.o
Compiling .pio\build\esp32s3_board\esp_psram\esp32s3\esp_psram_impl_octal.c.o
Archiving .pio\build\esp32s3_board\esp-idf\esp_pm\libesp_pm.a
Compiling .pio\build\esp32s3_board\esp_ringbuf\ringbuf.c.o
Compiling .pio\build\esp32s3_board\esp_rom\patches\esp_rom_sys.c.o
Compiling .pio\build\esp32s3_board\esp_rom\patches\esp_rom_print.c.o
Archiving .pio\build\esp32s3_board\esp-idf\esp_psram\libesp_psram.a
Compiling .pio\build\esp32s3_board\esp_rom\patches\esp_rom_crc.c.o
Compiling .pio\build\esp32s3_board\esp_rom\patches\esp_rom_uart.c.o
Compiling .pio\build\esp32s3_board\esp_rom\patches\esp_rom_spiflash.c.o
Archiving .pio\build\esp32s3_board\esp-idf\esp_ringbuf\libesp_ringbuf.a
Compiling .pio\build\esp32s3_board\esp_rom\patches\esp_rom_efuse.c.o
Compiling .pio\build\esp32s3_board\esp_rom\patches\esp_rom_gpio.c.o
Compiling .pio\build\esp32s3_board\esp_rom\patches\esp_rom_longjmp.S.o
Compiling .pio\build\esp32s3_board\esp_rom\patches\esp_rom_systimer.c.o
Compiling .pio\build\esp32s3_board\esp_rom\patches\esp_rom_wdt.c.o
Compiling .pio\build\esp32s3_board\esp_rom\patches\esp_rom_cache_esp32s2_esp32s3.c.o
Compiling .pio\build\esp32s3_board\esp_rom\patches\esp_rom_cache_writeback_esp32s3.S.o
Compiling .pio\build\esp32s3_board\esp_security\src\init.c.o
Compiling .pio\build\esp32s3_board\esp_security\src\esp_hmac.c.o
Compiling .pio\build\esp32s3_board\esp_security\src\esp_ds.c.o
Archiving .pio\build\esp32s3_board\esp-idf\esp_rom\libesp_rom.a
Compiling .pio\build\esp32s3_board\esp_security\src\esp_crypto_lock.c.o
Compiling .pio\build\esp32s3_board\esp_system\esp_err.c.o
Compiling .pio\build\esp32s3_board\esp_system\crosscore_int.c.o
Compiling .pio\build\esp32s3_board\esp_system\esp_ipc.c.o
Archiving .pio\build\esp32s3_board\esp-idf\esp_security\libesp_security.a
Compiling .pio\build\esp32s3_board\esp_system\freertos_hooks.c.o
Compiling .pio\build\esp32s3_board\esp_system\int_wdt.c.o
Compiling .pio\build\esp32s3_board\esp_system\panic.c.o
Compiling .pio\build\esp32s3_board\esp_system\esp_system.c.o
Compiling .pio\build\esp32s3_board\esp_system\startup.c.o
Compiling .pio\build\esp32s3_board\esp_system\startup_funcs.c.o
Compiling .pio\build\esp32s3_board\esp_system\system_time.c.o
Compiling .pio\build\esp32s3_board\esp_system\stack_check.c.o
Compiling .pio\build\esp32s3_board\esp_system\ubsan.c.o
Compiling .pio\build\esp32s3_board\esp_system\xt_wdt.c.o
Compiling .pio\build\esp32s3_board\esp_system\task_wdt\task_wdt.c.o
Compiling .pio\build\esp32s3_board\esp_system\task_wdt\task_wdt_impl_timergroup.c.o
Compiling .pio\build\esp32s3_board\esp_system\port\cpu_start.c.o
Compiling .pio\build\esp32s3_board\esp_system\port\panic_handler.c.o
Compiling .pio\build\esp32s3_board\esp_system\port\esp_system_chip.c.o
Compiling .pio\build\esp32s3_board\esp_system\port\image_process.c.o
Compiling .pio\build\esp32s3_board\esp_system\port\brownout.c.o
Compiling .pio\build\esp32s3_board\esp_system\port\esp_ipc_isr.c.o
Compiling .pio\build\esp32s3_board\esp_system\port\arch\xtensa\esp_ipc_isr_port.c.o
Compiling .pio\build\esp32s3_board\esp_system\port\arch\xtensa\esp_ipc_isr_handler.S.o
Compiling .pio\build\esp32s3_board\esp_system\port\arch\xtensa\esp_ipc_isr_routines.S.o
Compiling .pio\build\esp32s3_board\esp_system\port\arch\xtensa\panic_arch.c.o
Compiling .pio\build\esp32s3_board\esp_system\port\arch\xtensa\panic_handler_asm.S.o
Compiling .pio\build\esp32s3_board\esp_system\port\arch\xtensa\expression_with_stack.c.o
Compiling .pio\build\esp32s3_board\esp_system\port\arch\xtensa\expression_with_stack_asm.S.o
Compiling .pio\build\esp32s3_board\esp_system\port\arch\xtensa\debug_helpers.c.o
Compiling .pio\build\esp32s3_board\esp_system\port\arch\xtensa\debug_helpers_asm.S.o
Compiling .pio\build\esp32s3_board\esp_system\port\arch\xtensa\debug_stubs.c.o
Compiling .pio\build\esp32s3_board\esp_system\port\arch\xtensa\trax.c.o
Compiling .pio\build\esp32s3_board\esp_system\port\soc\esp32s3\highint_hdl.S.o
Compiling .pio\build\esp32s3_board\esp_system\port\soc\esp32s3\clk.c.o
Compiling .pio\build\esp32s3_board\esp_system\port\soc\esp32s3\reset_reason.c.o
Compiling .pio\build\esp32s3_board\esp_system\port\soc\esp32s3\system_internal.c.o
Compiling .pio\build\esp32s3_board\esp_system\port\soc\esp32s3\cache_err_int.c.o
Compiling .pio\build\esp32s3_board\esp_system\port\soc\esp32s3\apb_backup_dma.c.o
Compiling .pio\build\esp32s3_board\esp_timer\src\esp_timer.c.o
Compiling .pio\build\esp32s3_board\esp_timer\src\esp_timer_init.c.o
Compiling .pio\build\esp32s3_board\esp_timer\src\ets_timer_legacy.c.o
Archiving .pio\build\esp32s3_board\esp-idf\esp_system\libesp_system.a
Compiling .pio\build\esp32s3_board\esp_timer\src\system_time.c.o
Compiling .pio\build\esp32s3_board\esp_timer\src\esp_timer_impl_common.c.o
Compiling .pio\build\esp32s3_board\esp_timer\src\esp_timer_impl_systimer.c.o
Compiling .pio\build\esp32s3_board\esp_vfs_console\vfs_console.c.o
Compiling .pio\build\esp32s3_board\esp_wifi\src\lib_printf.c.o
Compiling .pio\build\esp32s3_board\esp_wifi\src\mesh_event.c.o
Archiving .pio\build\esp32s3_board\esp-idf\esp_timer\libesp_timer.a
Archiving .pio\build\esp32s3_board\esp-idf\esp_vfs_console\libesp_vfs_console.a
Compiling .pio\build\esp32s3_board\esp_wifi\src\smartconfig.c.o
Compiling .pio\build\esp32s3_board\esp_wifi\src\wifi_init.c.o
Compiling .pio\build\esp32s3_board\esp_wifi\src\wifi_default.c.o
Compiling .pio\build\esp32s3_board\esp_wifi\src\wifi_netif.c.o
Compiling .pio\build\esp32s3_board\esp_wifi\src\wifi_default_ap.c.o
Compiling .pio\build\esp32s3_board\esp_wifi\esp32s3\esp_adapter.c.o
Compiling .pio\build\esp32s3_board\esp_wifi\src\smartconfig_ack.c.o
Compiling .pio\build\esp32s3_board\espcoredump\src\core_dump_init.c.o
Compiling .pio\build\esp32s3_board\espcoredump\src\core_dump_common.c.o
Compiling .pio\build\esp32s3_board\espcoredump\src\core_dump_flash.c.o
Compiling .pio\build\esp32s3_board\espcoredump\src\core_dump_uart.c.o
Archiving .pio\build\esp32s3_board\esp-idf\esp_wifi\libesp_wifi.a
Compiling .pio\build\esp32s3_board\espcoredump\src\core_dump_elf.c.o
Compiling .pio\build\esp32s3_board\espcoredump\src\core_dump_binary.c.o
Compiling .pio\build\esp32s3_board\espcoredump\src\core_dump_sha.c.o
Compiling .pio\build\esp32s3_board\espcoredump\src\core_dump_crc.c.o
Compiling .pio\build\esp32s3_board\espcoredump\src\port\xtensa\core_dump_port.c.o
Compiling .pio\build\esp32s3_board\fatfs\diskio\diskio.c.o
Compiling .pio\build\esp32s3_board\fatfs\diskio\diskio_rawflash.c.o
Compiling .pio\build\esp32s3_board\fatfs\diskio\diskio_wl.c.o
Archiving .pio\build\esp32s3_board\esp-idf\espcoredump\libespcoredump.a
Compiling .pio\build\esp32s3_board\fatfs\src\ff.c.o
Compiling .pio\build\esp32s3_board\fatfs\src\ffunicode.c.o
Compiling .pio\build\esp32s3_board\fatfs\port\freertos\ffsystem.c.o
Compiling .pio\build\esp32s3_board\fatfs\diskio\diskio_sdmmc.c.o
Compiling .pio\build\esp32s3_board\fatfs\vfs\vfs_fat.c.o
Compiling .pio\build\esp32s3_board\fatfs\vfs\vfs_fat_sdmmc.c.o
Compiling .pio\build\esp32s3_board\fatfs\vfs\vfs_fat_spiflash.c.o
Compiling .pio\build\esp32s3_board\freertos\heap_idf.c.o
Compiling .pio\build\esp32s3_board\freertos\app_startup.c.o
Compiling .pio\build\esp32s3_board\freertos\port_common.c.o
Archiving .pio\build\esp32s3_board\esp-idf\fatfs\libfatfs.a
Compiling .pio\build\esp32s3_board\freertos\port_systick.c.o
Compiling .pio\build\esp32s3_board\freertos\FreeRTOS-Kernel\list.c.o
Compiling .pio\build\esp32s3_board\freertos\FreeRTOS-Kernel\queue.c.o
Compiling .pio\build\esp32s3_board\freertos\FreeRTOS-Kernel\tasks.c.o
Compiling .pio\build\esp32s3_board\freertos\FreeRTOS-Kernel\timers.c.o
Compiling .pio\build\esp32s3_board\freertos\FreeRTOS-Kernel\event_groups.c.o
Compiling .pio\build\esp32s3_board\freertos\FreeRTOS-Kernel\stream_buffer.c.o
Compiling .pio\build\esp32s3_board\freertos\FreeRTOS-Kernel\portable\xtensa\port.c.o
Compiling .pio\build\esp32s3_board\freertos\FreeRTOS-Kernel\portable\xtensa\portasm.S.o
Compiling .pio\build\esp32s3_board\freertos\FreeRTOS-Kernel\portable\xtensa\xtensa_init.c.o
Compiling .pio\build\esp32s3_board\freertos\FreeRTOS-Kernel\portable\xtensa\xtensa_overlay_os_hook.c.o
Compiling .pio\build\esp32s3_board\freertos\esp_additions\freertos_compatibility.c.o
Compiling .pio\build\esp32s3_board\freertos\esp_additions\idf_additions_event_groups.c.o
Compiling .pio\build\esp32s3_board\freertos\esp_additions\idf_additions.c.o
Compiling .pio\build\esp32s3_board\hal\hal_utils.c.o
Compiling .pio\build\esp32s3_board\hal\mpu_hal.c.o
Compiling .pio\build\esp32s3_board\hal\efuse_hal.c.o
Archiving .pio\build\esp32s3_board\esp-idf\freertos\libfreertos.a
Compiling .pio\build\esp32s3_board\hal\esp32s3\efuse_hal.c.o
Compiling .pio\build\esp32s3_board\hal\mmu_hal.c.o
Compiling .pio\build\esp32s3_board\hal\cache_hal.c.o
Compiling .pio\build\esp32s3_board\hal\color_hal.c.o
Compiling .pio\build\esp32s3_board\hal\spi_flash_hal.c.o
Compiling .pio\build\esp32s3_board\hal\spi_flash_hal_iram.c.o
Compiling .pio\build\esp32s3_board\hal\spi_flash_encrypt_hal_iram.c.o
Compiling .pio\build\esp32s3_board\hal\esp32s3\clk_tree_hal.c.o
Compiling .pio\build\esp32s3_board\hal\systimer_hal.c.o
Compiling .pio\build\esp32s3_board\hal\uart_hal.c.o
Compiling .pio\build\esp32s3_board\hal\uart_hal_iram.c.o
Compiling .pio\build\esp32s3_board\hal\gpio_hal.c.o
Compiling .pio\build\esp32s3_board\hal\rtc_io_hal.c.o
Compiling .pio\build\esp32s3_board\hal\timer_hal.c.o
Compiling .pio\build\esp32s3_board\hal\ledc_hal.c.o
Compiling .pio\build\esp32s3_board\hal\ledc_hal_iram.c.o
Compiling .pio\build\esp32s3_board\hal\i2c_hal.c.o
Compiling .pio\build\esp32s3_board\hal\i2c_hal_iram.c.o
Compiling .pio\build\esp32s3_board\hal\rmt_hal.c.o
Compiling .pio\build\esp32s3_board\hal\pcnt_hal.c.o
Compiling .pio\build\esp32s3_board\hal\mcpwm_hal.c.o
Compiling .pio\build\esp32s3_board\hal\twai_hal.c.o
Compiling .pio\build\esp32s3_board\hal\twai_hal_iram.c.o
Compiling .pio\build\esp32s3_board\hal\gdma_hal_top.c.o
Compiling .pio\build\esp32s3_board\hal\gdma_hal_ahb_v1.c.o
Compiling .pio\build\esp32s3_board\hal\i2s_hal.c.o
Compiling .pio\build\esp32s3_board\hal\sdm_hal.c.o
Compiling .pio\build\esp32s3_board\hal\sdmmc_hal.c.o
Compiling .pio\build\esp32s3_board\hal\adc_hal_common.c.o
Compiling .pio\build\esp32s3_board\hal\adc_oneshot_hal.c.o
Compiling .pio\build\esp32s3_board\hal\adc_hal.c.o
Compiling .pio\build\esp32s3_board\hal\lcd_hal.c.o
Compiling .pio\build\esp32s3_board\hal\mpi_hal.c.o
Compiling .pio\build\esp32s3_board\hal\sha_hal.c.o
Compiling .pio\build\esp32s3_board\hal\aes_hal.c.o
Compiling .pio\build\esp32s3_board\hal\brownout_hal.c.o
Compiling .pio\build\esp32s3_board\hal\spi_hal.c.o
Compiling .pio\build\esp32s3_board\hal\spi_hal_iram.c.o
Compiling .pio\build\esp32s3_board\hal\spi_slave_hal.c.o
Compiling .pio\build\esp32s3_board\hal\spi_slave_hal_iram.c.o
Compiling .pio\build\esp32s3_board\hal\spi_slave_hd_hal.c.o
Compiling .pio\build\esp32s3_board\hal\spi_flash_hal_gpspi.c.o
Compiling .pio\build\esp32s3_board\hal\hmac_hal.c.o
Compiling .pio\build\esp32s3_board\hal\ds_hal.c.o
Compiling .pio\build\esp32s3_board\hal\usb_serial_jtag_hal.c.o
Compiling .pio\build\esp32s3_board\hal\usb_dwc_hal.c.o
Compiling .pio\build\esp32s3_board\hal\usb_wrap_hal.c.o
Compiling .pio\build\esp32s3_board\hal\esp32s3\touch_sensor_hal.c.o
Compiling .pio\build\esp32s3_board\hal\touch_sensor_hal.c.o
Compiling .pio\build\esp32s3_board\hal\xt_wdt_hal.c.o
Compiling .pio\build\esp32s3_board\hal\esp32s3\rtc_cntl_hal.c.o
Compiling .pio\build\esp32s3_board\heap\heap_caps_base.c.o
Compiling .pio\build\esp32s3_board\heap\heap_caps.c.o
Compiling .pio\build\esp32s3_board\heap\heap_caps_init.c.o
Archiving .pio\build\esp32s3_board\esp-idf\hal\libhal.a
Compiling .pio\build\esp32s3_board\heap\multi_heap.c.o
Compiling .pio\build\esp32s3_board\heap\tlsf\tlsf.c.o
Compiling .pio\build\esp32s3_board\heap\port\memory_layout_utils.c.o
Compiling .pio\build\esp32s3_board\heap\port\esp32s3\memory_layout.c.o
Compiling .pio\build\esp32s3_board\http_parser\http_parser.c.o
Compiling .pio\build\esp32s3_board\json\cJSON\cJSON.c.o
Compiling .pio\build\esp32s3_board\json\cJSON\cJSON_Utils.c.o
Archiving .pio\build\esp32s3_board\esp-idf\heap\libheap.a
Archiving .pio\build\esp32s3_board\esp-idf\http_parser\libhttp_parser.a
Compiling .pio\build\esp32s3_board\log\src\os\log_timestamp.c.o
Compiling .pio\build\esp32s3_board\log\src\log_timestamp_common.c.o
Archiving .pio\build\esp32s3_board\esp-idf\json\libjson.a
Compiling .pio\build\esp32s3_board\log\src\os\log_lock.c.o
Compiling .pio\build\esp32s3_board\log\src\os\log_write.c.o
Compiling .pio\build\esp32s3_board\log\src\buffer\log_buffers.c.o
Compiling .pio\build\esp32s3_board\log\src\util.c.o
Compiling .pio\build\esp32s3_board\log\src\log_level\log_level.c.o
Compiling .pio\build\esp32s3_board\log\src\log_level\tag_log_level\tag_log_level.c.o
Compiling .pio\build\esp32s3_board\log\src\log_level\tag_log_level\linked_list\log_linked_list.c.o
Compiling .pio\build\esp32s3_board\log\src\log_level\tag_log_level\cache\log_binary_heap.c.o
Compiling .pio\build\esp32s3_board\lwip\apps\sntp\sntp.c.o
Compiling .pio\build\esp32s3_board\lwip\lwip\src\api\api_lib.c.o
Compiling .pio\build\esp32s3_board\lwip\lwip\src\api\api_msg.c.o
Archiving .pio\build\esp32s3_board\esp-idf\log\liblog.a
Compiling .pio\build\esp32s3_board\lwip\lwip\src\api\err.c.o
Compiling .pio\build\esp32s3_board\lwip\lwip\src\api\if_api.c.o
Compiling .pio\build\esp32s3_board\lwip\lwip\src\api\netbuf.c.o
Compiling .pio\build\esp32s3_board\lwip\lwip\src\api\netdb.c.o
Compiling .pio\build\esp32s3_board\lwip\lwip\src\api\netifapi.c.o
Compiling .pio\build\esp32s3_board\lwip\lwip\src\api\sockets.c.o
Compiling .pio\build\esp32s3_board\lwip\lwip\src\api\tcpip.c.o
Compiling .pio\build\esp32s3_board\lwip\lwip\src\apps\sntp\sntp.c.o
Compiling .pio\build\esp32s3_board\lwip\lwip\src\apps\netbiosns\netbiosns.c.o
Compiling .pio\build\esp32s3_board\lwip\lwip\src\core\def.c.o
Compiling .pio\build\esp32s3_board\lwip\lwip\src\core\dns.c.o
Compiling .pio\build\esp32s3_board\lwip\lwip\src\core\inet_chksum.c.o
Compiling .pio\build\esp32s3_board\lwip\lwip\src\core\init.c.o
Compiling .pio\build\esp32s3_board\lwip\lwip\src\core\ip.c.o
Compiling .pio\build\esp32s3_board\lwip\lwip\src\core\mem.c.o
Compiling .pio\build\esp32s3_board\lwip\lwip\src\core\memp.c.o
Compiling .pio\build\esp32s3_board\lwip\lwip\src\core\netif.c.o
Compiling .pio\build\esp32s3_board\lwip\lwip\src\core\pbuf.c.o
Compiling .pio\build\esp32s3_board\lwip\lwip\src\core\raw.c.o
Compiling .pio\build\esp32s3_board\lwip\lwip\src\core\stats.c.o
Compiling .pio\build\esp32s3_board\lwip\lwip\src\core\sys.c.o
Compiling .pio\build\esp32s3_board\lwip\lwip\src\core\tcp.c.o
Compiling .pio\build\esp32s3_board\lwip\lwip\src\core\tcp_in.c.o
Compiling .pio\build\esp32s3_board\lwip\lwip\src\core\tcp_out.c.o
Compiling .pio\build\esp32s3_board\lwip\lwip\src\core\timeouts.c.o
Compiling .pio\build\esp32s3_board\lwip\lwip\src\core\udp.c.o
Compiling .pio\build\esp32s3_board\lwip\lwip\src\core\ipv4\autoip.c.o
Compiling .pio\build\esp32s3_board\lwip\lwip\src\core\ipv4\dhcp.c.o
Compiling .pio\build\esp32s3_board\lwip\lwip\src\core\ipv4\etharp.c.o
Compiling .pio\build\esp32s3_board\lwip\lwip\src\core\ipv4\icmp.c.o
Compiling .pio\build\esp32s3_board\lwip\lwip\src\core\ipv4\igmp.c.o
Compiling .pio\build\esp32s3_board\lwip\lwip\src\core\ipv4\ip4.c.o
Compiling .pio\build\esp32s3_board\lwip\lwip\src\core\ipv4\ip4_napt.c.o
Compiling .pio\build\esp32s3_board\lwip\lwip\src\core\ipv4\ip4_addr.c.o
Compiling .pio\build\esp32s3_board\lwip\lwip\src\core\ipv4\ip4_frag.c.o
Compiling .pio\build\esp32s3_board\lwip\lwip\src\core\ipv6\dhcp6.c.o
Compiling .pio\build\esp32s3_board\lwip\lwip\src\core\ipv6\ethip6.c.o
Compiling .pio\build\esp32s3_board\lwip\lwip\src\core\ipv6\icmp6.c.o
Compiling .pio\build\esp32s3_board\lwip\lwip\src\core\ipv6\inet6.c.o
Compiling .pio\build\esp32s3_board\lwip\lwip\src\core\ipv6\ip6.c.o
Compiling .pio\build\esp32s3_board\lwip\lwip\src\core\ipv6\ip6_addr.c.o
Compiling .pio\build\esp32s3_board\lwip\lwip\src\core\ipv6\ip6_frag.c.o
Compiling .pio\build\esp32s3_board\lwip\lwip\src\core\ipv6\mld6.c.o
Compiling .pio\build\esp32s3_board\lwip\lwip\src\core\ipv6\nd6.c.o
Compiling .pio\build\esp32s3_board\lwip\lwip\src\netif\ethernet.c.o
Compiling .pio\build\esp32s3_board\lwip\lwip\src\netif\bridgeif.c.o
Compiling .pio\build\esp32s3_board\lwip\lwip\src\netif\bridgeif_fdb.c.o
Compiling .pio\build\esp32s3_board\lwip\lwip\src\netif\slipif.c.o
Compiling .pio\build\esp32s3_board\lwip\lwip\src\netif\ppp\auth.c.o
Compiling .pio\build\esp32s3_board\lwip\lwip\src\netif\ppp\ccp.c.o
Compiling .pio\build\esp32s3_board\lwip\lwip\src\netif\ppp\chap-md5.c.o
Compiling .pio\build\esp32s3_board\lwip\lwip\src\netif\ppp\chap-new.c.o
Compiling .pio\build\esp32s3_board\lwip\lwip\src\netif\ppp\chap_ms.c.o
Compiling .pio\build\esp32s3_board\lwip\lwip\src\netif\ppp\demand.c.o
Compiling .pio\build\esp32s3_board\lwip\lwip\src\netif\ppp\eap.c.o
Compiling .pio\build\esp32s3_board\lwip\lwip\src\netif\ppp\ecp.c.o
Compiling .pio\build\esp32s3_board\lwip\lwip\src\netif\ppp\eui64.c.o
Compiling .pio\build\esp32s3_board\lwip\lwip\src\netif\ppp\fsm.c.o
Compiling .pio\build\esp32s3_board\lwip\lwip\src\netif\ppp\ipcp.c.o
Compiling .pio\build\esp32s3_board\lwip\lwip\src\netif\ppp\ipv6cp.c.o
Compiling .pio\build\esp32s3_board\lwip\lwip\src\netif\ppp\lcp.c.o
Compiling .pio\build\esp32s3_board\lwip\lwip\src\netif\ppp\magic.c.o
Compiling .pio\build\esp32s3_board\lwip\lwip\src\netif\ppp\mppe.c.o
Compiling .pio\build\esp32s3_board\lwip\lwip\src\netif\ppp\multilink.c.o
Compiling .pio\build\esp32s3_board\lwip\lwip\src\netif\ppp\ppp.c.o
Compiling .pio\build\esp32s3_board\lwip\lwip\src\netif\ppp\pppapi.c.o
Compiling .pio\build\esp32s3_board\lwip\lwip\src\netif\ppp\pppcrypt.c.o
Compiling .pio\build\esp32s3_board\lwip\lwip\src\netif\ppp\pppoe.c.o
Compiling .pio\build\esp32s3_board\lwip\lwip\src\netif\ppp\pppol2tp.c.o
Compiling .pio\build\esp32s3_board\lwip\lwip\src\netif\ppp\pppos.c.o
Compiling .pio\build\esp32s3_board\lwip\lwip\src\netif\ppp\upap.c.o
Compiling .pio\build\esp32s3_board\lwip\lwip\src\netif\ppp\utils.c.o
Compiling .pio\build\esp32s3_board\lwip\lwip\src\netif\ppp\vj.c.o
Compiling .pio\build\esp32s3_board\lwip\port\hooks\tcp_isn_default.c.o
Compiling .pio\build\esp32s3_board\lwip\port\hooks\lwip_default_hooks.c.o
Compiling .pio\build\esp32s3_board\lwip\port\debug\lwip_debug.c.o
Compiling .pio\build\esp32s3_board\lwip\port\sockets_ext.c.o
Compiling .pio\build\esp32s3_board\lwip\port\freertos\sys_arch.c.o
Compiling .pio\build\esp32s3_board\lwip\port\acd_dhcp_check.c.o
Compiling .pio\build\esp32s3_board\lwip\port\esp32xx\vfs_lwip.c.o
Compiling .pio\build\esp32s3_board\lwip\apps\ping\esp_ping.c.o
Compiling .pio\build\esp32s3_board\lwip\apps\ping\ping.c.o
Compiling .pio\build\esp32s3_board\lwip\apps\ping\ping_sock.c.o
Compiling .pio\build\esp32s3_board\lwip\lwip\src\netif\ppp\polarssl\arc4.c.o
Compiling .pio\build\esp32s3_board\lwip\lwip\src\netif\ppp\polarssl\des.c.o
Compiling .pio\build\esp32s3_board\lwip\lwip\src\netif\ppp\polarssl\md4.c.o
Compiling .pio\build\esp32s3_board\lwip\lwip\src\netif\ppp\polarssl\md5.c.o
Compiling .pio\build\esp32s3_board\lwip\lwip\src\netif\ppp\polarssl\sha1.c.o
Compiling .pio\build\esp32s3_board\lwip\apps\dhcpserver\dhcpserver.c.o
Compiling .pio\build\esp32s3_board\mbedtls\esp_crt_bundle\esp_crt_bundle.c.o
Compiling .pio\build\esp32s3_board\.pio\build\esp32s3_board\x509_crt_bundle.S.o
Compiling .pio\build\esp32s3_board\mqtt\esp-mqtt\mqtt_client.c.o
Archiving .pio\build\esp32s3_board\esp-idf\mbedtls\libmbedtls.a
Archiving .pio\build\esp32s3_board\esp-idf\lwip\liblwip.a
Compiling .pio\build\esp32s3_board\mqtt\esp-mqtt\lib\mqtt_msg.c.o
Compiling .pio\build\esp32s3_board\mqtt\esp-mqtt\lib\mqtt_outbox.c.o
Compiling .pio\build\esp32s3_board\mqtt\esp-mqtt\lib\platform_esp32_idf.c.o
Compiling .pio\build\esp32s3_board\newlib\abort.c.o
Compiling .pio\build\esp32s3_board\newlib\assert.c.o
Compiling .pio\build\esp32s3_board\newlib\heap.c.o
Compiling .pio\build\esp32s3_board\newlib\flockfile.c.o
Archiving .pio\build\esp32s3_board\esp-idf\mqtt\libmqtt.a
Compiling .pio\build\esp32s3_board\newlib\locks.c.o
Compiling .pio\build\esp32s3_board\newlib\poll.c.o
Compiling .pio\build\esp32s3_board\newlib\pthread.c.o
Compiling .pio\build\esp32s3_board\newlib\random.c.o
Compiling .pio\build\esp32s3_board\newlib\getentropy.c.o
Compiling .pio\build\esp32s3_board\newlib\reent_init.c.o
Compiling .pio\build\esp32s3_board\newlib\newlib_init.c.o
Compiling .pio\build\esp32s3_board\newlib\syscalls.c.o
Compiling .pio\build\esp32s3_board\newlib\termios.c.o
Compiling .pio\build\esp32s3_board\newlib\stdatomic.c.o
Compiling .pio\build\esp32s3_board\newlib\time.c.o
Compiling .pio\build\esp32s3_board\newlib\sysconf.c.o
Compiling .pio\build\esp32s3_board\newlib\realpath.c.o
Compiling .pio\build\esp32s3_board\newlib\scandir.c.o
Compiling .pio\build\esp32s3_board\newlib\port\xtensa\stdatomic_s32c1i.c.o
Compiling .pio\build\esp32s3_board\newlib\port\esp_time_impl.c.o
Compiling .pio\build\esp32s3_board\nvs_flash\src\nvs_api.cpp.o
Compiling .pio\build\esp32s3_board\nvs_flash\src\nvs_cxx_api.cpp.o
Compiling .pio\build\esp32s3_board\nvs_flash\src\nvs_item_hash_list.cpp.o
Archiving .pio\build\esp32s3_board\esp-idf\newlib\libnewlib.a
Compiling .pio\build\esp32s3_board\nvs_flash\src\nvs_page.cpp.o
Compiling .pio\build\esp32s3_board\nvs_flash\src\nvs_pagemanager.cpp.o
Compiling .pio\build\esp32s3_board\nvs_flash\src\nvs_storage.cpp.o
Compiling .pio\build\esp32s3_board\nvs_flash\src\nvs_handle_simple.cpp.o
Compiling .pio\build\esp32s3_board\nvs_flash\src\nvs_handle_locked.cpp.o
Compiling .pio\build\esp32s3_board\nvs_flash\src\nvs_partition.cpp.o
Compiling .pio\build\esp32s3_board\nvs_flash\src\nvs_partition_lookup.cpp.o
Compiling .pio\build\esp32s3_board\nvs_flash\src\nvs_partition_manager.cpp.o
Compiling .pio\build\esp32s3_board\nvs_flash\src\nvs_types.cpp.o
Compiling .pio\build\esp32s3_board\nvs_flash\src\nvs_platform.cpp.o
Compiling .pio\build\esp32s3_board\nvs_flash\src\nvs_bootloader.c.o
Compiling .pio\build\esp32s3_board\nvs_flash\src\nvs_encrypted_partition.cpp.o
Compiling .pio\build\esp32s3_board\nvs_sec_provider\nvs_sec_provider.c.o
Archiving .pio\build\esp32s3_board\esp-idf\nvs_sec_provider\libnvs_sec_provider.a
Compiling .pio\build\esp32s3_board\perfmon\xtensa_perfmon_access.c.o
Compiling .pio\build\esp32s3_board\perfmon\xtensa_perfmon_apis.c.o
Compiling .pio\build\esp32s3_board\perfmon\xtensa_perfmon_masks.c.o
Compiling .pio\build\esp32s3_board\protobuf-c\protobuf-c\protobuf-c\protobuf-c.c.o
Compiling .pio\build\esp32s3_board\protocomm\src\common\protocomm.c.o
Archiving .pio\build\esp32s3_board\esp-idf\perfmon\libperfmon.a
Compiling .pio\build\esp32s3_board\protocomm\proto-c\constants.pb-c.c.o
Archiving .pio\build\esp32s3_board\esp-idf\protobuf-c\libprotobuf-c.a
Archiving .pio\build\esp32s3_board\esp-idf\nvs_flash\libnvs_flash.a
Compiling .pio\build\esp32s3_board\protocomm\proto-c\sec0.pb-c.c.o
Compiling .pio\build\esp32s3_board\protocomm\proto-c\sec1.pb-c.c.o
Compiling .pio\build\esp32s3_board\protocomm\proto-c\sec2.pb-c.c.o
Compiling .pio\build\esp32s3_board\protocomm\proto-c\session.pb-c.c.o
Compiling .pio\build\esp32s3_board\protocomm\src\transports\protocomm_console.c.o
Compiling .pio\build\esp32s3_board\protocomm\src\transports\protocomm_httpd.c.o
Compiling .pio\build\esp32s3_board\protocomm\src\security\security0.c.o
Compiling .pio\build\esp32s3_board\protocomm\src\security\security1.c.o
Compiling .pio\build\esp32s3_board\protocomm\src\security\security2.c.o
Compiling .pio\build\esp32s3_board\protocomm\src\crypto\srp6a\esp_srp.c.o
Compiling .pio\build\esp32s3_board\protocomm\src\crypto\srp6a\esp_srp_mpi.c.o
Compiling .pio\build\esp32s3_board\pthread\pthread.c.o
Compiling .pio\build\esp32s3_board\pthread\pthread_cond_var.c.o
Compiling .pio\build\esp32s3_board\pthread\pthread_local_storage.c.o
Archiving .pio\build\esp32s3_board\esp-idf\protocomm\libprotocomm.a
Compiling .pio\build\esp32s3_board\pthread\pthread_rwlock.c.o
Compiling .pio\build\esp32s3_board\pthread\pthread_semaphore.c.o
Compiling .pio\build\esp32s3_board\rt\FreeRTOS_POSIX_mqueue.c.o
Compiling .pio\build\esp32s3_board\rt\FreeRTOS_POSIX_utils.c.o
Compiling .pio\build\esp32s3_board\sdmmc\sdmmc_cmd.c.o
Archiving .pio\build\esp32s3_board\esp-idf\pthread\libpthread.a
Compiling .pio\build\esp32s3_board\sdmmc\sdmmc_common.c.o
Archiving .pio\build\esp32s3_board\esp-idf\rt\librt.a
Compiling .pio\build\esp32s3_board\sdmmc\sdmmc_init.c.o
Compiling .pio\build\esp32s3_board\sdmmc\sdmmc_io.c.o
Compiling .pio\build\esp32s3_board\sdmmc\sdmmc_mmc.c.o
Compiling .pio\build\esp32s3_board\sdmmc\sdmmc_sd.c.o
Compiling .pio\build\esp32s3_board\sdmmc\sd_pwr_ctrl\sd_pwr_ctrl.c.o
Compiling .pio\build\esp32s3_board\soc\lldesc.c.o
Compiling .pio\build\esp32s3_board\soc\dport_access_common.c.o
Compiling .pio\build\esp32s3_board\soc\esp32s3\interrupts.c.o
Archiving .pio\build\esp32s3_board\esp-idf\sdmmc\libsdmmc.a
Compiling .pio\build\esp32s3_board\soc\esp32s3\gpio_periph.c.o
Compiling .pio\build\esp32s3_board\soc\esp32s3\uart_periph.c.o
Compiling .pio\build\esp32s3_board\soc\esp32s3\adc_periph.c.o
Compiling .pio\build\esp32s3_board\soc\esp32s3\dedic_gpio_periph.c.o
Compiling .pio\build\esp32s3_board\soc\esp32s3\gdma_periph.c.o
Compiling .pio\build\esp32s3_board\soc\esp32s3\spi_periph.c.o
Compiling .pio\build\esp32s3_board\soc\esp32s3\ledc_periph.c.o
Compiling .pio\build\esp32s3_board\soc\esp32s3\pcnt_periph.c.o
Compiling .pio\build\esp32s3_board\soc\esp32s3\rmt_periph.c.o
Compiling .pio\build\esp32s3_board\soc\esp32s3\sdm_periph.c.o
Compiling .pio\build\esp32s3_board\soc\esp32s3\i2s_periph.c.o
Compiling .pio\build\esp32s3_board\soc\esp32s3\i2c_periph.c.o
Compiling .pio\build\esp32s3_board\soc\esp32s3\temperature_sensor_periph.c.o
Compiling .pio\build\esp32s3_board\soc\esp32s3\timer_periph.c.o
Compiling .pio\build\esp32s3_board\soc\esp32s3\lcd_periph.c.o
Compiling .pio\build\esp32s3_board\soc\esp32s3\mcpwm_periph.c.o
Compiling .pio\build\esp32s3_board\soc\esp32s3\mpi_periph.c.o
Compiling .pio\build\esp32s3_board\soc\esp32s3\sdmmc_periph.c.o
Compiling .pio\build\esp32s3_board\soc\esp32s3\touch_sensor_periph.c.o
Compiling .pio\build\esp32s3_board\soc\esp32s3\twai_periph.c.o
Compiling .pio\build\esp32s3_board\soc\esp32s3\wdt_periph.c.o
Compiling .pio\build\esp32s3_board\soc\esp32s3\usb_dwc_periph.c.o
Compiling .pio\build\esp32s3_board\soc\esp32s3\rtc_io_periph.c.o
Compiling .pio\build\esp32s3_board\spi_flash\flash_brownout_hook.c.o
Compiling .pio\build\esp32s3_board\spi_flash\esp32s3\spi_flash_oct_flash_init.c.o
Compiling .pio\build\esp32s3_board\spi_flash\spi_flash_hpm_enable.c.o
Compiling .pio\build\esp32s3_board\spi_flash\spi_flash_chip_drivers.c.o
Archiving .pio\build\esp32s3_board\esp-idf\soc\libsoc.a
Compiling .pio\build\esp32s3_board\spi_flash\spi_flash_chip_generic.c.o
Compiling .pio\build\esp32s3_board\spi_flash\spi_flash_chip_issi.c.o
Compiling .pio\build\esp32s3_board\spi_flash\spi_flash_chip_mxic.c.o
Compiling .pio\build\esp32s3_board\spi_flash\spi_flash_chip_gd.c.o
Compiling .pio\build\esp32s3_board\spi_flash\spi_flash_chip_winbond.c.o
Compiling .pio\build\esp32s3_board\spi_flash\spi_flash_chip_boya.c.o
Compiling .pio\build\esp32s3_board\spi_flash\spi_flash_chip_mxic_opi.c.o
Compiling .pio\build\esp32s3_board\spi_flash\spi_flash_chip_th.c.o
Compiling .pio\build\esp32s3_board\spi_flash\memspi_host_driver.c.o
Compiling .pio\build\esp32s3_board\spi_flash\cache_utils.c.o
Compiling .pio\build\esp32s3_board\spi_flash\flash_mmap.c.o
Compiling .pio\build\esp32s3_board\spi_flash\flash_ops.c.o
Compiling .pio\build\esp32s3_board\spi_flash\spi_flash_wrap.c.o
Compiling .pio\build\esp32s3_board\spi_flash\esp_flash_api.c.o
Compiling .pio\build\esp32s3_board\spi_flash\esp_flash_spi_init.c.o
Compiling .pio\build\esp32s3_board\spi_flash\spi_flash_os_func_app.c.o
Compiling .pio\build\esp32s3_board\spi_flash\spi_flash_os_func_noos.c.o
Compiling .pio\build\esp32s3_board\spiffs\spiffs_api.c.o
Archiving .pio\build\esp32s3_board\esp-idf\spi_flash\libspi_flash.a
Compiling .pio\build\esp32s3_board\spiffs\spiffs\src\spiffs_cache.c.o
Compiling .pio\build\esp32s3_board\spiffs\spiffs\src\spiffs_check.c.o
Compiling .pio\build\esp32s3_board\spiffs\spiffs\src\spiffs_gc.c.o
Compiling .pio\build\esp32s3_board\spiffs\spiffs\src\spiffs_hydrogen.c.o
Compiling .pio\build\esp32s3_board\spiffs\spiffs\src\spiffs_nucleus.c.o
Compiling .pio\build\esp32s3_board\spiffs\esp_spiffs.c.o
Compiling .pio\build\esp32s3_board\tcp_transport\transport.c.o
Compiling .pio\build\esp32s3_board\tcp_transport\transport_ssl.c.o
Compiling .pio\build\esp32s3_board\tcp_transport\transport_internal.c.o
Archiving .pio\build\esp32s3_board\esp-idf\spiffs\libspiffs.a
Compiling .pio\build\esp32s3_board\tcp_transport\transport_socks_proxy.c.o
Compiling .pio\build\esp32s3_board\tcp_transport\transport_ws.c.o
Compiling .pio\build\esp32s3_board\touch_element\touch_element.c.o
Compiling .pio\build\esp32s3_board\touch_element\touch_button.c.o
Compiling .pio\build\esp32s3_board\touch_element\touch_slider.c.o
Archiving .pio\build\esp32s3_board\esp-idf\tcp_transport\libtcp_transport.a
Compiling .pio\build\esp32s3_board\touch_element\touch_matrix.c.o
Compiling .pio\build\esp32s3_board\unity\unity\src\unity.c.o
Compiling .pio\build\esp32s3_board\unity\unity_compat.c.o
Compiling .pio\build\esp32s3_board\unity\unity_runner.c.o
Compiling .pio\build\esp32s3_board\unity\unity_utils_freertos.c.o
Archiving .pio\build\esp32s3_board\esp-idf\touch_element\libtouch_element.a
Compiling .pio\build\esp32s3_board\unity\unity_utils_cache.c.o
Compiling .pio\build\esp32s3_board\unity\unity_utils_memory.c.o
Compiling .pio\build\esp32s3_board\unity\unity_port_esp32.c.o
Compiling .pio\build\esp32s3_board\unity\port\esp\unity_utils_memory_esp.c.o
Compiling .pio\build\esp32s3_board\usb\hcd_dwc.c.o
Compiling .pio\build\esp32s3_board\usb\enum.c.o
Compiling .pio\build\esp32s3_board\usb\hub.c.o
Archiving .pio\build\esp32s3_board\esp-idf\unity\libunity.a
Compiling .pio\build\esp32s3_board\usb\usb_helpers.c.o
Compiling .pio\build\esp32s3_board\usb\usb_host.c.o
Compiling .pio\build\esp32s3_board\usb\usb_private.c.o
Compiling .pio\build\esp32s3_board\usb\usbh.c.o
Compiling .pio\build\esp32s3_board\usb\usb_phy.c.o
Compiling .pio\build\esp32s3_board\vfs\vfs.c.o
Compiling .pio\build\esp32s3_board\vfs\vfs_eventfd.c.o
Compiling .pio\build\esp32s3_board\vfs\vfs_semihost.c.o
Archiving .pio\build\esp32s3_board\esp-idf\usb\libusb.a
Compiling .pio\build\esp32s3_board\vfs\nullfs.c.o
Compiling .pio\build\esp32s3_board\wear_levelling\Partition.cpp.o
Compiling .pio\build\esp32s3_board\wear_levelling\SPI_Flash.cpp.o
Compiling .pio\build\esp32s3_board\wear_levelling\WL_Ext_Perf.cpp.o
Compiling .pio\build\esp32s3_board\wear_levelling\WL_Ext_Safe.cpp.o
Compiling .pio\build\esp32s3_board\wear_levelling\WL_Flash.cpp.o
Compiling .pio\build\esp32s3_board\wear_levelling\crc32.cpp.o
Archiving .pio\build\esp32s3_board\esp-idf\vfs\libvfs.a
Compiling .pio\build\esp32s3_board\wear_levelling\wear_levelling.cpp.o
Compiling .pio\build\esp32s3_board\wifi_provisioning\src\wifi_config.c.o
Compiling .pio\build\esp32s3_board\wifi_provisioning\src\wifi_scan.c.o
Compiling .pio\build\esp32s3_board\wifi_provisioning\src\wifi_ctrl.c.o
Archiving .pio\build\esp32s3_board\esp-idf\wear_levelling\libwear_levelling.a
Compiling .pio\build\esp32s3_board\wifi_provisioning\src\manager.c.o
Compiling .pio\build\esp32s3_board\wifi_provisioning\src\handlers.c.o
Compiling .pio\build\esp32s3_board\wifi_provisioning\src\scheme_console.c.o
Compiling .pio\build\esp32s3_board\wifi_provisioning\proto-c\wifi_config.pb-c.c.o
Compiling .pio\build\esp32s3_board\wifi_provisioning\proto-c\wifi_scan.pb-c.c.o
Compiling .pio\build\esp32s3_board\wifi_provisioning\proto-c\wifi_ctrl.pb-c.c.o
Compiling .pio\build\esp32s3_board\wifi_provisioning\proto-c\wifi_constants.pb-c.c.o
Compiling .pio\build\esp32s3_board\wifi_provisioning\src\scheme_softap.c.o
Compiling .pio\build\esp32s3_board\wpa_supplicant\port\os_xtensa.c.o
Compiling .pio\build\esp32s3_board\wpa_supplicant\port\eloop.c.o
Archiving .pio\build\esp32s3_board\esp-idf\wifi_provisioning\libwifi_provisioning.a
Compiling .pio\build\esp32s3_board\wpa_supplicant\src\ap\ap_config.c.o
Compiling .pio\build\esp32s3_board\wpa_supplicant\src\ap\ieee802_1x.c.o
Compiling .pio\build\esp32s3_board\wpa_supplicant\src\ap\wpa_auth.c.o
Compiling .pio\build\esp32s3_board\wpa_supplicant\src\ap\wpa_auth_ie.c.o
Compiling .pio\build\esp32s3_board\wpa_supplicant\src\ap\pmksa_cache_auth.c.o
Compiling .pio\build\esp32s3_board\wpa_supplicant\src\ap\sta_info.c.o
Compiling .pio\build\esp32s3_board\wpa_supplicant\src\ap\ieee802_11.c.o
Compiling .pio\build\esp32s3_board\wpa_supplicant\src\ap\comeback_token.c.o
Compiling .pio\build\esp32s3_board\wpa_supplicant\src\common\sae.c.o
Compiling .pio\build\esp32s3_board\wpa_supplicant\src\common\dragonfly.c.o
Compiling .pio\build\esp32s3_board\wpa_supplicant\src\common\wpa_common.c.o
Compiling .pio\build\esp32s3_board\wpa_supplicant\src\utils\bitfield.c.o
Compiling .pio\build\esp32s3_board\wpa_supplicant\src\crypto\aes-siv.c.o
Compiling .pio\build\esp32s3_board\wpa_supplicant\src\crypto\sha256-kdf.c.o
Compiling .pio\build\esp32s3_board\wpa_supplicant\src\crypto\ccmp.c.o
Compiling .pio\build\esp32s3_board\wpa_supplicant\src\crypto\aes-gcm.c.o
Compiling .pio\build\esp32s3_board\wpa_supplicant\src\crypto\crypto_ops.c.o
Compiling .pio\build\esp32s3_board\wpa_supplicant\src\crypto\dh_group5.c.o
Compiling .pio\build\esp32s3_board\wpa_supplicant\src\crypto\dh_groups.c.o
Compiling .pio\build\esp32s3_board\wpa_supplicant\src\crypto\ms_funcs.c.o
Compiling .pio\build\esp32s3_board\wpa_supplicant\src\crypto\sha1-tlsprf.c.o
Compiling .pio\build\esp32s3_board\wpa_supplicant\src\crypto\sha256-tlsprf.c.o
Compiling .pio\build\esp32s3_board\wpa_supplicant\src\crypto\sha384-tlsprf.c.o
Compiling .pio\build\esp32s3_board\wpa_supplicant\src\crypto\sha256-prf.c.o
Compiling .pio\build\esp32s3_board\wpa_supplicant\src\crypto\sha1-prf.c.o
Compiling .pio\build\esp32s3_board\wpa_supplicant\src\crypto\sha384-prf.c.o
Compiling .pio\build\esp32s3_board\wpa_supplicant\src\crypto\md4-internal.c.o
Compiling .pio\build\esp32s3_board\wpa_supplicant\src\crypto\sha1-tprf.c.o
Compiling .pio\build\esp32s3_board\wpa_supplicant\src\eap_common\eap_wsc_common.c.o
Compiling .pio\build\esp32s3_board\wpa_supplicant\src\common\ieee802_11_common.c.o
Compiling .pio\build\esp32s3_board\wpa_supplicant\src\eap_peer\chap.c.o
Compiling .pio\build\esp32s3_board\wpa_supplicant\src\eap_peer\eap.c.o
Compiling .pio\build\esp32s3_board\wpa_supplicant\src\eap_peer\eap_common.c.o
Compiling .pio\build\esp32s3_board\wpa_supplicant\src\eap_peer\eap_mschapv2.c.o
Compiling .pio\build\esp32s3_board\wpa_supplicant\src\eap_peer\eap_peap.c.o
Compiling .pio\build\esp32s3_board\wpa_supplicant\src\eap_peer\eap_peap_common.c.o
Compiling .pio\build\esp32s3_board\wpa_supplicant\src\eap_peer\eap_tls.c.o
Compiling .pio\build\esp32s3_board\wpa_supplicant\src\eap_peer\eap_tls_common.c.o
Compiling .pio\build\esp32s3_board\wpa_supplicant\src\eap_peer\eap_ttls.c.o
Compiling .pio\build\esp32s3_board\wpa_supplicant\src\eap_peer\mschapv2.c.o
Compiling .pio\build\esp32s3_board\wpa_supplicant\src\eap_peer\eap_fast.c.o
Compiling .pio\build\esp32s3_board\wpa_supplicant\src\eap_peer\eap_fast_common.c.o
Compiling .pio\build\esp32s3_board\wpa_supplicant\src\eap_peer\eap_fast_pac.c.o
Compiling .pio\build\esp32s3_board\wpa_supplicant\src\rsn_supp\pmksa_cache.c.o
Compiling .pio\build\esp32s3_board\wpa_supplicant\src\rsn_supp\wpa.c.o
Compiling .pio\build\esp32s3_board\wpa_supplicant\src\rsn_supp\wpa_ie.c.o
Compiling .pio\build\esp32s3_board\wpa_supplicant\src\utils\base64.c.o
Compiling .pio\build\esp32s3_board\wpa_supplicant\src\utils\common.c.o
Compiling .pio\build\esp32s3_board\wpa_supplicant\src\utils\ext_password.c.o
Compiling .pio\build\esp32s3_board\wpa_supplicant\src\utils\uuid.c.o
Compiling .pio\build\esp32s3_board\wpa_supplicant\src\utils\wpabuf.c.o
Compiling .pio\build\esp32s3_board\wpa_supplicant\src\utils\wpa_debug.c.o
Compiling .pio\build\esp32s3_board\wpa_supplicant\src\utils\json.c.o
Compiling .pio\build\esp32s3_board\wpa_supplicant\src\wps\wps.c.o
Compiling .pio\build\esp32s3_board\wpa_supplicant\src\wps\wps_attr_build.c.o
Compiling .pio\build\esp32s3_board\wpa_supplicant\src\wps\wps_attr_parse.c.o
Compiling .pio\build\esp32s3_board\wpa_supplicant\src\wps\wps_attr_process.c.o
Compiling .pio\build\esp32s3_board\wpa_supplicant\src\wps\wps_common.c.o
Compiling .pio\build\esp32s3_board\wpa_supplicant\src\wps\wps_dev_attr.c.o
Compiling .pio\build\esp32s3_board\wpa_supplicant\src\wps\wps_enrollee.c.o
Compiling .pio\build\esp32s3_board\wpa_supplicant\src\common\sae_pk.c.o
Compiling .pio\build\esp32s3_board\wpa_supplicant\esp_supplicant\src\esp_eap_client.c.o
Compiling .pio\build\esp32s3_board\wpa_supplicant\esp_supplicant\src\esp_wpa2_api_port.c.o
Compiling .pio\build\esp32s3_board\wpa_supplicant\esp_supplicant\src\esp_wpa_main.c.o
Compiling .pio\build\esp32s3_board\wpa_supplicant\esp_supplicant\src\esp_wpas_glue.c.o
Compiling .pio\build\esp32s3_board\wpa_supplicant\esp_supplicant\src\esp_common.c.o
Compiling .pio\build\esp32s3_board\wpa_supplicant\esp_supplicant\src\esp_wps.c.o
Compiling .pio\build\esp32s3_board\wpa_supplicant\esp_supplicant\src\esp_wpa3.c.o
Compiling .pio\build\esp32s3_board\wpa_supplicant\esp_supplicant\src\esp_owe.c.o
Compiling .pio\build\esp32s3_board\wpa_supplicant\esp_supplicant\src\esp_hostap.c.o
Compiling .pio\build\esp32s3_board\wpa_supplicant\esp_supplicant\src\crypto\tls_mbedtls.c.o
Compiling .pio\build\esp32s3_board\wpa_supplicant\esp_supplicant\src\crypto\fastpbkdf2.c.o
Compiling .pio\build\esp32s3_board\wpa_supplicant\esp_supplicant\src\crypto\crypto_mbedtls.c.o
Compiling .pio\build\esp32s3_board\wpa_supplicant\esp_supplicant\src\crypto\crypto_mbedtls-bignum.c.o
Compiling .pio\build\esp32s3_board\wpa_supplicant\esp_supplicant\src\crypto\crypto_mbedtls-rsa.c.o
Compiling .pio\build\esp32s3_board\wpa_supplicant\esp_supplicant\src\crypto\crypto_mbedtls-ec.c.o
Compiling .pio\build\esp32s3_board\wpa_supplicant\src\crypto\rc4.c.o
Compiling .pio\build\esp32s3_board\wpa_supplicant\src\crypto\des-internal.c.o
Compiling .pio\build\esp32s3_board\wpa_supplicant\src\crypto\aes-wrap.c.o
Compiling .pio\build\esp32s3_board\wpa_supplicant\src\crypto\aes-unwrap.c.o
Compiling .pio\build\esp32s3_board\wpa_supplicant\src\crypto\aes-ccm.c.o
Compiling .pio\build\esp32s3_board\xtensa\eri.c.o
Compiling .pio\build\esp32s3_board\xtensa\xt_trax.c.o
Compiling .pio\build\esp32s3_board\xtensa\xtensa_context.S.o
Compiling .pio\build\esp32s3_board\xtensa\xtensa_intr_asm.S.o
Archiving .pio\build\esp32s3_board\esp-idf\wpa_supplicant\libwpa_supplicant.a
Compiling .pio\build\esp32s3_board\xtensa\xtensa_intr.c.o
Compiling .pio\build\esp32s3_board\xtensa\xtensa_vectors.S.o
Compiling .pio\build\esp32s3_board\mbedtls\mbedtls\3rdparty\everest\library\everest.c.o
Compiling .pio\build\esp32s3_board\mbedtls\mbedtls\3rdparty\everest\library\x25519.c.o
Archiving .pio\build\esp32s3_board\esp-idf\xtensa\libxtensa.a
Compiling .pio\build\esp32s3_board\mbedtls\mbedtls\3rdparty\everest\library\Hacl_Curve25519_joined.c.o
Compiling .pio\build\esp32s3_board\mbedtls\mbedtls\library\aes.c.o
Compiling .pio\build\esp32s3_board\mbedtls\mbedtls\library\aesni.c.o
Compiling .pio\build\esp32s3_board\mbedtls\mbedtls\library\aesce.c.o
Archiving .pio\build\esp32s3_board\esp-idf\mbedtls\mbedtls\3rdparty\everest\libeverest.a
Compiling .pio\build\esp32s3_board\mbedtls\mbedtls\library\aria.c.o
Compiling .pio\build\esp32s3_board\mbedtls\mbedtls\library\asn1parse.c.o
Compiling .pio\build\esp32s3_board\mbedtls\mbedtls\library\asn1write.c.o
Compiling .pio\build\esp32s3_board\mbedtls\mbedtls\library\base64.c.o
Compiling .pio\build\esp32s3_board\mbedtls\mbedtls\library\bignum.c.o
Compiling .pio\build\esp32s3_board\mbedtls\mbedtls\library\bignum_core.c.o
Compiling .pio\build\esp32s3_board\mbedtls\mbedtls\library\bignum_mod.c.o
Compiling .pio\build\esp32s3_board\mbedtls\mbedtls\library\bignum_mod_raw.c.o
Compiling .pio\build\esp32s3_board\mbedtls\mbedtls\library\block_cipher.c.o
Compiling .pio\build\esp32s3_board\mbedtls\mbedtls\library\camellia.c.o
Compiling .pio\build\esp32s3_board\mbedtls\mbedtls\library\ccm.c.o
Compiling .pio\build\esp32s3_board\mbedtls\mbedtls\library\chacha20.c.o
Compiling .pio\build\esp32s3_board\mbedtls\mbedtls\library\chachapoly.c.o
Compiling .pio\build\esp32s3_board\mbedtls\mbedtls\library\cipher.c.o
Compiling .pio\build\esp32s3_board\mbedtls\mbedtls\library\cipher_wrap.c.o
Compiling .pio\build\esp32s3_board\mbedtls\mbedtls\library\constant_time.c.o
Compiling .pio\build\esp32s3_board\mbedtls\mbedtls\library\cmac.c.o
Compiling .pio\build\esp32s3_board\mbedtls\mbedtls\library\ctr_drbg.c.o
Compiling .pio\build\esp32s3_board\mbedtls\mbedtls\library\des.c.o
Compiling .pio\build\esp32s3_board\mbedtls\mbedtls\library\dhm.c.o
Compiling .pio\build\esp32s3_board\mbedtls\mbedtls\library\ecdh.c.o
Compiling .pio\build\esp32s3_board\mbedtls\mbedtls\library\ecdsa.c.o
Compiling .pio\build\esp32s3_board\mbedtls\mbedtls\library\ecjpake.c.o
Compiling .pio\build\esp32s3_board\mbedtls\mbedtls\library\ecp.c.o
Compiling .pio\build\esp32s3_board\mbedtls\mbedtls\library\ecp_curves.c.o
Compiling .pio\build\esp32s3_board\mbedtls\mbedtls\library\ecp_curves_new.c.o
Compiling .pio\build\esp32s3_board\mbedtls\mbedtls\library\entropy.c.o
Compiling .pio\build\esp32s3_board\mbedtls\mbedtls\library\entropy_poll.c.o
Compiling .pio\build\esp32s3_board\mbedtls\mbedtls\library\error.c.o
Compiling .pio\build\esp32s3_board\mbedtls\mbedtls\library\gcm.c.o
Compiling .pio\build\esp32s3_board\mbedtls\mbedtls\library\hkdf.c.o
Compiling .pio\build\esp32s3_board\mbedtls\mbedtls\library\hmac_drbg.c.o
Compiling .pio\build\esp32s3_board\mbedtls\mbedtls\library\lmots.c.o
Compiling .pio\build\esp32s3_board\mbedtls\mbedtls\library\lms.c.o
Compiling .pio\build\esp32s3_board\mbedtls\mbedtls\library\md.c.o
Compiling .pio\build\esp32s3_board\mbedtls\mbedtls\library\md5.c.o
Compiling .pio\build\esp32s3_board\mbedtls\mbedtls\library\memory_buffer_alloc.c.o
Compiling .pio\build\esp32s3_board\mbedtls\mbedtls\library\nist_kw.c.o
Compiling .pio\build\esp32s3_board\mbedtls\mbedtls\library\oid.c.o
Compiling .pio\build\esp32s3_board\mbedtls\mbedtls\library\padlock.c.o
Compiling .pio\build\esp32s3_board\mbedtls\mbedtls\library\pem.c.o
Compiling .pio\build\esp32s3_board\mbedtls\mbedtls\library\pk.c.o
Compiling .pio\build\esp32s3_board\mbedtls\mbedtls\library\pk_ecc.c.o
Compiling .pio\build\esp32s3_board\mbedtls\mbedtls\library\pk_wrap.c.o
Compiling .pio\build\esp32s3_board\mbedtls\mbedtls\library\pkcs12.c.o
Compiling .pio\build\esp32s3_board\mbedtls\mbedtls\library\pkcs5.c.o
Compiling .pio\build\esp32s3_board\mbedtls\mbedtls\library\pkparse.c.o
Compiling .pio\build\esp32s3_board\mbedtls\mbedtls\library\pkwrite.c.o
Compiling .pio\build\esp32s3_board\mbedtls\mbedtls\library\platform.c.o
Compiling .pio\build\esp32s3_board\mbedtls\mbedtls\library\platform_util.c.o
Compiling .pio\build\esp32s3_board\mbedtls\mbedtls\library\poly1305.c.o
Compiling .pio\build\esp32s3_board\mbedtls\mbedtls\library\psa_crypto.c.o
Compiling .pio\build\esp32s3_board\mbedtls\mbedtls\library\psa_crypto_aead.c.o
Compiling .pio\build\esp32s3_board\mbedtls\mbedtls\library\psa_crypto_cipher.c.o
Compiling .pio\build\esp32s3_board\mbedtls\mbedtls\library\psa_crypto_client.c.o
Compiling .pio\build\esp32s3_board\mbedtls\mbedtls\library\psa_crypto_driver_wrappers_no_static.c.o
Compiling .pio\build\esp32s3_board\mbedtls\mbedtls\library\psa_crypto_ecp.c.o
Compiling .pio\build\esp32s3_board\mbedtls\mbedtls\library\psa_crypto_ffdh.c.o
Compiling .pio\build\esp32s3_board\mbedtls\mbedtls\library\psa_crypto_hash.c.o
Compiling .pio\build\esp32s3_board\mbedtls\mbedtls\library\psa_crypto_mac.c.o
Compiling .pio\build\esp32s3_board\mbedtls\mbedtls\library\psa_crypto_pake.c.o
Compiling .pio\build\esp32s3_board\mbedtls\mbedtls\library\psa_crypto_rsa.c.o
Compiling .pio\build\esp32s3_board\mbedtls\mbedtls\library\psa_crypto_se.c.o
Compiling .pio\build\esp32s3_board\mbedtls\mbedtls\library\psa_crypto_slot_management.c.o
Compiling .pio\build\esp32s3_board\mbedtls\mbedtls\library\psa_crypto_storage.c.o
Compiling .pio\build\esp32s3_board\mbedtls\mbedtls\library\psa_its_file.c.o
Compiling .pio\build\esp32s3_board\mbedtls\mbedtls\library\psa_util.c.o
Compiling .pio\build\esp32s3_board\mbedtls\mbedtls\library\ripemd160.c.o
Compiling .pio\build\esp32s3_board\mbedtls\mbedtls\library\rsa.c.o
Compiling .pio\build\esp32s3_board\mbedtls\mbedtls\library\rsa_alt_helpers.c.o
Compiling .pio\build\esp32s3_board\mbedtls\mbedtls\library\sha1.c.o
Compiling .pio\build\esp32s3_board\mbedtls\mbedtls\library\sha256.c.o
Compiling .pio\build\esp32s3_board\mbedtls\mbedtls\library\sha512.c.o
Compiling .pio\build\esp32s3_board\mbedtls\mbedtls\library\sha3.c.o
Compiling .pio\build\esp32s3_board\mbedtls\mbedtls\library\threading.c.o
Compiling .pio\build\esp32s3_board\mbedtls\mbedtls\library\timing.c.o
Compiling .pio\build\esp32s3_board\mbedtls\mbedtls\library\version.c.o
Compiling .pio\build\esp32s3_board\mbedtls\mbedtls\library\version_features.c.o
Compiling .pio\build\esp32s3_board\mbedtls\port\sha\dma\esp_sha_gdma_impl.c.o
Compiling .pio\build\esp32s3_board\mbedtls\port\aes\dma\esp_aes_gdma_impl.c.o
Compiling .pio\build\esp32s3_board\mbedtls\port\aes\dma\esp_aes_dma_core.c.o
Compiling .pio\build\esp32s3_board\mbedtls\port\crypto_shared_gdma\esp_crypto_shared_gdma.c.o
Compiling .pio\build\esp32s3_board\mbedtls\port\esp_hardware.c.o
Compiling .pio\build\esp32s3_board\mbedtls\port\esp_mem.c.o
Compiling .pio\build\esp32s3_board\mbedtls\port\esp_timing.c.o
Compiling .pio\build\esp32s3_board\mbedtls\port\aes\esp_aes_xts.c.o
Compiling .pio\build\esp32s3_board\mbedtls\port\aes\esp_aes_common.c.o
Compiling .pio\build\esp32s3_board\mbedtls\port\aes\dma\esp_aes.c.o
Compiling .pio\build\esp32s3_board\mbedtls\port\sha\esp_sha.c.o
Compiling .pio\build\esp32s3_board\mbedtls\port\sha\dma\sha.c.o
Compiling .pio\build\esp32s3_board\mbedtls\port\esp_ds\esp_rsa_sign_alt.c.o
Compiling .pio\build\esp32s3_board\mbedtls\port\sha\dma\esp_sha1.c.o
Compiling .pio\build\esp32s3_board\mbedtls\port\sha\dma\esp_sha256.c.o
Compiling .pio\build\esp32s3_board\mbedtls\port\sha\dma\esp_sha512.c.o
Compiling .pio\build\esp32s3_board\mbedtls\port\aes\esp_aes_gcm.c.o
Compiling .pio\build\esp32s3_board\mbedtls\port\md\esp_md.c.o
Compiling .pio\build\esp32s3_board\mbedtls\mbedtls\library\debug.c.o
Compiling .pio\build\esp32s3_board\mbedtls\mbedtls\library\mps_reader.c.o
Compiling .pio\build\esp32s3_board\mbedtls\mbedtls\library\mps_trace.c.o
Archiving .pio\build\esp32s3_board\esp-idf\mbedtls\mbedtls\library\libmbedcrypto.a
Compiling .pio\build\esp32s3_board\mbedtls\mbedtls\library\ssl_cache.c.o
Compiling .pio\build\esp32s3_board\mbedtls\mbedtls\library\ssl_ciphersuites.c.o
Compiling .pio\build\esp32s3_board\mbedtls\mbedtls\library\ssl_client.c.o
Compiling .pio\build\esp32s3_board\mbedtls\mbedtls\library\ssl_cookie.c.o
Compiling .pio\build\esp32s3_board\mbedtls\mbedtls\library\ssl_debug_helpers_generated.c.o
Compiling .pio\build\esp32s3_board\mbedtls\mbedtls\library\ssl_msg.c.o
Compiling .pio\build\esp32s3_board\mbedtls\mbedtls\library\ssl_ticket.c.o
Compiling .pio\build\esp32s3_board\mbedtls\mbedtls\library\ssl_tls.c.o
Compiling .pio\build\esp32s3_board\mbedtls\mbedtls\library\ssl_tls12_client.c.o
Compiling .pio\build\esp32s3_board\mbedtls\mbedtls\library\ssl_tls12_server.c.o
Compiling .pio\build\esp32s3_board\mbedtls\mbedtls\library\ssl_tls13_keys.c.o
Compiling .pio\build\esp32s3_board\mbedtls\mbedtls\library\ssl_tls13_server.c.o
Compiling .pio\build\esp32s3_board\mbedtls\mbedtls\library\ssl_tls13_client.c.o
Compiling .pio\build\esp32s3_board\mbedtls\mbedtls\library\ssl_tls13_generic.c.o
Compiling .pio\build\esp32s3_board\mbedtls\port\mbedtls_debug.c.o
Compiling .pio\build\esp32s3_board\mbedtls\port\esp_platform_time.c.o
Compiling .pio\build\esp32s3_board\mbedtls\port\net_sockets.c.o
Compiling .pio\build\esp32s3_board\mbedtls\mbedtls\library\pkcs7.c.o
Compiling .pio\build\esp32s3_board\mbedtls\mbedtls\library\x509.c.o
Compiling .pio\build\esp32s3_board\mbedtls\mbedtls\library\x509_create.c.o
Compiling .pio\build\esp32s3_board\mbedtls\mbedtls\library\x509_crl.c.o
Archiving .pio\build\esp32s3_board\esp-idf\mbedtls\mbedtls\library\libmbedtls.a
Compiling .pio\build\esp32s3_board\mbedtls\mbedtls\library\x509_crt.c.o
Compiling .pio\build\esp32s3_board\mbedtls\mbedtls\library\x509_csr.c.o
Compiling .pio\build\esp32s3_board\mbedtls\mbedtls\library\x509write.c.o
Compiling .pio\build\esp32s3_board\mbedtls\mbedtls\library\x509write_crt.c.o
Compiling .pio\build\esp32s3_board\mbedtls\mbedtls\library\x509write_csr.c.o
Compiling .pio\build\esp32s3_board\mbedtls\mbedtls\3rdparty\p256-m\p256-m_driver_entrypoints.c.o
Compiling .pio\build\esp32s3_board\mbedtls\mbedtls\3rdparty\p256-m\p256-m\p256-m.c.o
Compiling .pio\build\esp32s3_board\bootloader\xtensa\eri.c.o
Archiving .pio\build\esp32s3_board\esp-idf\mbedtls\mbedtls\library\libmbedx509.a
Compiling .pio\build\esp32s3_board\bootloader\xtensa\xt_trax.c.o
Compiling .pio\build\esp32s3_board\bootloader\main\bootloader_start.c.o
Archiving .pio\build\esp32s3_board\esp-idf\mbedtls\mbedtls\3rdparty\p256-m\libp256m.a
Compiling .pio\build\esp32s3_board\bootloader\bootloader_support\src\bootloader_common.c.o
Archiving .pio\build\esp32s3_board\bootloader\esp-idf\xtensa\libxtensa.a
Generating project linker script .pio\build\esp32s3_board\sections.ld
Archiving .pio\build\esp32s3_board\bootloader\esp-idf\main\libmain.a
Compiling .pio\build\esp32s3_board\bootloader\bootloader_support\src\bootloader_common_loader.c.o
Compiling .pio\build\esp32s3_board\bootloader\bootloader_support\src\bootloader_clock_init.c.o
Compiling .pio\build\esp32s3_board\bootloader\bootloader_support\src\bootloader_mem.c.o
Compiling .pio\build\esp32s3_board\bootloader\bootloader_support\src\bootloader_random.c.o
Compiling .pio\build\esp32s3_board\bootloader\bootloader_support\src\bootloader_efuse.c.o
Compiling .pio\build\esp32s3_board\bootloader\bootloader_support\src\flash_encrypt.c.o
Compiling .pio\build\esp32s3_board\bootloader\bootloader_support\src\secure_boot.c.o
Compiling .pio\build\esp32s3_board\bootloader\bootloader_support\src\bootloader_random_esp32s3.c.o
Compiling .pio\build\esp32s3_board\bootloader\bootloader_support\bootloader_flash\src\bootloader_flash.c.o
Compiling .pio\build\esp32s3_board\bootloader\bootloader_support\bootloader_flash\src\flash_qio_mode.c.o
Compiling .pio\build\esp32s3_board\bootloader\bootloader_support\bootloader_flash\src\bootloader_flash_config_esp32s3.c.o
Compiling .pio\build\esp32s3_board\bootloader\bootloader_support\src\bootloader_utility.c.o
Compiling .pio\build\esp32s3_board\bootloader\bootloader_support\src\flash_partitions.c.o
Compiling .pio\build\esp32s3_board\bootloader\bootloader_support\src\esp_image_format.c.o
Compiling .pio\build\esp32s3_board\bootloader\bootloader_support\src\bootloader_init.c.o
Compiling .pio\build\esp32s3_board\bootloader\bootloader_support\src\bootloader_clock_loader.c.o
Compiling .pio\build\esp32s3_board\bootloader\bootloader_support\src\bootloader_console.c.o
Compiling .pio\build\esp32s3_board\bootloader\bootloader_support\src\bootloader_console_loader.c.o
Compiling .pio\build\esp32s3_board\bootloader\bootloader_support\src\esp32s3\bootloader_sha.c.o
Compiling .pio\build\esp32s3_board\bootloader\bootloader_support\src\esp32s3\bootloader_soc.c.o
Compiling .pio\build\esp32s3_board\bootloader\bootloader_support\src\esp32s3\bootloader_esp32s3.c.o
Compiling .pio\build\esp32s3_board\bootloader\bootloader_support\src\bootloader_panic.c.o
Compiling .pio\build\esp32s3_board\bootloader\efuse\esp32s3\esp_efuse_table.c.o
Compiling .pio\build\esp32s3_board\bootloader\efuse\esp32s3\esp_efuse_fields.c.o
Archiving .pio\build\esp32s3_board\bootloader\esp-idf\bootloader_support\libbootloader_support.a
Compiling .pio\build\esp32s3_board\bootloader\efuse\esp32s3\esp_efuse_rtc_calib.c.o
Compiling .pio\build\esp32s3_board\bootloader\efuse\esp32s3\esp_efuse_utility.c.o
Compiling .pio\build\esp32s3_board\bootloader\efuse\src\esp_efuse_api.c.o
Compiling .pio\build\esp32s3_board\bootloader\efuse\src\esp_efuse_fields.c.o
Compiling .pio\build\esp32s3_board\bootloader\efuse\src\esp_efuse_utility.c.o
Compiling .pio\build\esp32s3_board\bootloader\efuse\src\efuse_controller\keys\with_key_purposes\esp_efuse_api_key.c.o
Compiling .pio\build\esp32s3_board\bootloader\esp_bootloader_format\esp_bootloader_desc.c.o
Compiling .pio\build\esp32s3_board\bootloader\esp_common\src\esp_err_to_name.c.o
Archiving .pio\build\esp32s3_board\bootloader\esp-idf\efuse\libefuse.a
Archiving .pio\build\esp32s3_board\bootloader\esp-idf\esp_bootloader_format\libesp_bootloader_format.a
Compiling .pio\build\esp32s3_board\bootloader\esp_hw_support\cpu.c.o
Compiling .pio\build\esp32s3_board\bootloader\esp_hw_support\port\esp32s3\esp_cpu_intr.c.o
Archiving .pio\build\esp32s3_board\bootloader\esp-idf\esp_common\libesp_common.a
Compiling .pio\build\esp32s3_board\bootloader\esp_hw_support\esp_memory_utils.c.o
Compiling .pio\build\esp32s3_board\bootloader\esp_hw_support\port\esp32s3\cpu_region_protect.c.o
Compiling .pio\build\esp32s3_board\bootloader\esp_hw_support\port\esp32s3\rtc_clk.c.o
Compiling .pio\build\esp32s3_board\bootloader\esp_hw_support\port\esp32s3\rtc_clk_init.c.o
Compiling .pio\build\esp32s3_board\bootloader\esp_hw_support\port\esp32s3\rtc_init.c.o
Compiling .pio\build\esp32s3_board\bootloader\esp_hw_support\port\esp32s3\rtc_sleep.c.o
Compiling .pio\build\esp32s3_board\bootloader\esp_hw_support\port\esp32s3\rtc_time.c.o
Compiling .pio\build\esp32s3_board\bootloader\esp_hw_support\port\esp32s3\chip_info.c.o
Compiling .pio\build\esp32s3_board\bootloader\esp_rom\patches\esp_rom_sys.c.o
Compiling .pio\build\esp32s3_board\bootloader\esp_rom\patches\esp_rom_print.c.o
Archiving .pio\build\esp32s3_board\bootloader\esp-idf\esp_hw_support\libesp_hw_support.a
Compiling .pio\build\esp32s3_board\bootloader\esp_rom\patches\esp_rom_crc.c.o
Compiling .pio\build\esp32s3_board\bootloader\esp_rom\patches\esp_rom_uart.c.o
Compiling .pio\build\esp32s3_board\bootloader\esp_rom\patches\esp_rom_spiflash.c.o
Compiling .pio\build\esp32s3_board\bootloader\esp_rom\patches\esp_rom_efuse.c.o
Compiling .pio\build\esp32s3_board\bootloader\esp_rom\patches\esp_rom_gpio.c.o
Compiling .pio\build\esp32s3_board\bootloader\esp_rom\patches\esp_rom_longjmp.S.o
Compiling .pio\build\esp32s3_board\bootloader\esp_rom\patches\esp_rom_systimer.c.o
Compiling .pio\build\esp32s3_board\bootloader\esp_rom\patches\esp_rom_wdt.c.o
Compiling .pio\build\esp32s3_board\bootloader\esp_rom\patches\esp_rom_cache_esp32s2_esp32s3.c.o
Compiling .pio\build\esp32s3_board\bootloader\esp_rom\patches\esp_rom_cache_writeback_esp32s3.S.o
Compiling .pio\build\esp32s3_board\bootloader\esp_system\esp_err.c.o
Compiling .pio\build\esp32s3_board\bootloader\hal\hal_utils.c.o
Archiving .pio\build\esp32s3_board\bootloader\esp-idf\esp_rom\libesp_rom.a
Archiving .pio\build\esp32s3_board\bootloader\esp-idf\esp_system\libesp_system.a
Compiling .pio\build\esp32s3_board\bootloader\hal\mpu_hal.c.o
Compiling .pio\build\esp32s3_board\bootloader\hal\efuse_hal.c.o
Compiling .pio\build\esp32s3_board\bootloader\hal\esp32s3\efuse_hal.c.o
Compiling .pio\build\esp32s3_board\bootloader\hal\mmu_hal.c.o
Compiling .pio\build\esp32s3_board\bootloader\hal\cache_hal.c.o
Compiling .pio\build\esp32s3_board\bootloader\log\src\noos\log_timestamp.c.o
Compiling .pio\build\esp32s3_board\bootloader\log\src\log_timestamp_common.c.o
Archiving .pio\build\esp32s3_board\bootloader\esp-idf\hal\libhal.a
Compiling .pio\build\esp32s3_board\bootloader\log\src\noos\log_lock.c.o
Compiling .pio\build\esp32s3_board\bootloader\components\micro-ecc\uECC_verify_antifault.c.o
Compiling .pio\build\esp32s3_board\bootloader\soc\lldesc.c.o
Archiving .pio\build\esp32s3_board\bootloader\esp-idf\log\liblog.a
Compiling .pio\build\esp32s3_board\bootloader\soc\dport_access_common.c.o
Compiling .pio\build\esp32s3_board\bootloader\soc\esp32s3\interrupts.c.o
Compiling .pio\build\esp32s3_board\bootloader\soc\esp32s3\gpio_periph.c.o
Archiving .pio\build\esp32s3_board\bootloader\esp-idf\micro-ecc\libmicro-ecc.a
Compiling .pio\build\esp32s3_board\bootloader\soc\esp32s3\uart_periph.c.o
Compiling .pio\build\esp32s3_board\bootloader\soc\esp32s3\adc_periph.c.o
Compiling .pio\build\esp32s3_board\bootloader\soc\esp32s3\dedic_gpio_periph.c.o
Compiling .pio\build\esp32s3_board\bootloader\soc\esp32s3\gdma_periph.c.o
Compiling .pio\build\esp32s3_board\bootloader\soc\esp32s3\spi_periph.c.o
Compiling .pio\build\esp32s3_board\bootloader\soc\esp32s3\ledc_periph.c.o
Compiling .pio\build\esp32s3_board\bootloader\soc\esp32s3\pcnt_periph.c.o
Compiling .pio\build\esp32s3_board\bootloader\soc\esp32s3\rmt_periph.c.o
Compiling .pio\build\esp32s3_board\bootloader\soc\esp32s3\sdm_periph.c.o
Compiling .pio\build\esp32s3_board\bootloader\soc\esp32s3\i2s_periph.c.o
Compiling .pio\build\esp32s3_board\bootloader\soc\esp32s3\i2c_periph.c.o
Compiling .pio\build\esp32s3_board\bootloader\soc\esp32s3\temperature_sensor_periph.c.o
Compiling .pio\build\esp32s3_board\bootloader\soc\esp32s3\timer_periph.c.o
Compiling .pio\build\esp32s3_board\bootloader\soc\esp32s3\lcd_periph.c.o
Compiling .pio\build\esp32s3_board\bootloader\soc\esp32s3\mcpwm_periph.c.o
Compiling .pio\build\esp32s3_board\bootloader\soc\esp32s3\mpi_periph.c.o
Compiling .pio\build\esp32s3_board\bootloader\soc\esp32s3\sdmmc_periph.c.o
Compiling .pio\build\esp32s3_board\bootloader\soc\esp32s3\touch_sensor_periph.c.o
Compiling .pio\build\esp32s3_board\bootloader\soc\esp32s3\twai_periph.c.o
Compiling .pio\build\esp32s3_board\bootloader\soc\esp32s3\wdt_periph.c.o
Compiling .pio\build\esp32s3_board\bootloader\soc\esp32s3\usb_dwc_periph.c.o
Compiling .pio\build\esp32s3_board\bootloader\soc\esp32s3\rtc_io_periph.c.o
Compiling .pio\build\esp32s3_board\bootloader\spi_flash\spi_flash_wrap.c.o
Generating partitions .pio\build\esp32s3_board\partitions.bin
Archiving .pio\build\esp32s3_board\bootloader\esp-idf\soc\libsoc.a
Generating an empty partition .pio\build\esp32s3_board\ota_data_initial.bin
Archiving .pio\build\esp32s3_board\bootloader\esp-idf\spi_flash\libspi_flash.a
Linking .pio\build\esp32s3_board\bootloader.elf
Building .pio\build\esp32s3_board\bootloader.bin
esptool.py v4.5.1
Creating esp32s3 image...
Merged 2 ELF sections
Successfully created esp32s3 image.
Linking .pio\build\esp32s3_board\firmware.elf
Retrieving maximum program size .pio\build\esp32s3_board\firmware.elf
Checking size .pio\build\esp32s3_board\firmware.elf
Advanced Memory Usage is available via "PlatformIO Home > Project Inspect"
RAM:   [=         ]  11.5% (used 37788 bytes from 327680 bytes)
Flash: [===       ]  31.9% (used 1004456 bytes from 3145728 bytes)
Building .pio\build\esp32s3_board\firmware.bin
esptool.py v4.5.1
Creating esp32s3 image...
Merged 2 ELF sections
Successfully created esp32s3 image.
======================== [SUCCESS] Took 537.06 seconds ========================
